apiVersion: multicluster.istio.io/v1alpha1
kind: RemoteServiceBinding
metadata:
  creationTimestamp: null
  name: -services
  namespace: default
spec:
  remote:
  - services:
    - alias: reviews
      name: reviews
