apiVersion: multicluster.istio.io/v1alpha1
kind: RemoteServiceBinding
metadata:
  creationTimestamp: null
  labels:
    connection: live
  name: -services
  namespace: ns2
spec:
  remote:
  - services:
    - alias: server
      name: server
      namespace: ns2
