apiVersion: multicluster.istio.io/v1alpha1
kind: RemoteServiceBinding
metadata:
  creationTimestamp: null
  labels:
    connection: live
  name: -services
  namespace: mynamespace
spec:
  remote:
  - services:
    - alias: FooA
      name: FooA
      namespace: mynamespace
